<?xml version="1.0" encoding="UTF-8"?>
<testsuites name="jest tests" tests="4" failures="0" time="3.352">
  <testsuite name="c-new-program-engagement" errors="0" failures="0" skipped="0" timestamp="2020-06-09T18:10:14" time="2.545" tests="4">
    <testcase classname="c-new-program-engagement displays the modal with input fields" name="c-new-program-engagement displays the modal with input fields" time="0.033">
    </testcase>
    <testcase classname="c-new-program-engagement saves the record and closes the modal" name="c-new-program-engagement saves the record and closes the modal" time="0.019">
    </testcase>
    <testcase classname="c-new-program-engagement closes the modal when the close button is clicked" name="c-new-program-engagement closes the modal when the close button is clicked" time="0.014">
    </testcase>
    <testcase classname="c-new-program-engagement is accessible" name="c-new-program-engagement is accessible" time="0.209">
    </testcase>
  </testsuite>
</testsuites>